<testsuites id="" name="" tests="15" failures="0" skipped="0" errors="0" time="26.631133000000002">
<testsuite name="smoke.spec.ts" timestamp="2025-09-12T03:08:07.592Z" hostname="smoke-tests" tests="3" failures="0" skipped="0" time="11.863" errors="0">
<testcase name="Smoke Tests › should load the application without errors" classname="smoke.spec.ts" time="3.664">
</testcase>
<testcase name="Smoke Tests › should navigate to auth page" classname="smoke.spec.ts" time="3.278">
</testcase>
<testcase name="Smoke Tests › should have working navigation" classname="smoke.spec.ts" time="4.921">
</testcase>
</testsuite>
<testsuite name="mobile.spec.ts" timestamp="2025-09-12T03:08:07.592Z" hostname="mobile-tests" tests="4" failures="0" skipped="0" time="17.167" errors="0">
<testcase name="Mobile Smoke Tests › should load on mobile devices" classname="mobile.spec.ts" time="4.962">
</testcase>
<testcase name="Mobile Smoke Tests › should have responsive navigation" classname="mobile.spec.ts" time="4.481">
</testcase>
<testcase name="Mobile Smoke Tests › should handle touch interactions" classname="mobile.spec.ts" time="4.871">
</testcase>
<testcase name="Mobile Smoke Tests › should navigate to auth page on mobile" classname="mobile.spec.ts" time="2.853">
</testcase>
</testsuite>
<testsuite name="performance.spec.ts" timestamp="2025-09-12T03:08:07.592Z" hostname="performance-tests" tests="4" failures="0" skipped="0" time="19.117" errors="0">
<testcase name="Performance Smoke Tests › should load within acceptable time" classname="performance.spec.ts" time="3.085">
</testcase>
<testcase name="Performance Smoke Tests › should not have memory leaks" classname="performance.spec.ts" time="4.992">
</testcase>
<testcase name="Performance Smoke Tests › should handle multiple page loads" classname="performance.spec.ts" time="8.033">
</testcase>
<testcase name="Performance Smoke Tests › should not have excessive network requests" classname="performance.spec.ts" time="3.007">
</testcase>
</testsuite>
<testsuite name="accessibility.spec.ts" timestamp="2025-09-12T03:08:07.592Z" hostname="accessibility-tests" tests="4" failures="0" skipped="0" time="11.422" errors="0">
<testcase name="Accessibility Smoke Tests › should have proper page structure" classname="accessibility.spec.ts" time="3.198">
</testcase>
<testcase name="Accessibility Smoke Tests › should have accessible buttons and links" classname="accessibility.spec.ts" time="3.229">
</testcase>
<testcase name="Accessibility Smoke Tests › should have proper form elements" classname="accessibility.spec.ts" time="2.181">
</testcase>
<testcase name="Accessibility Smoke Tests › should handle keyboard navigation" classname="accessibility.spec.ts" time="2.814">
</testcase>
</testsuite>
</testsuites>